******************************************************************************
                  TI ARM Linker Unix v18.12.2                  
******************************************************************************
>> Linked Wed Aug 21 19:32:50 2019

OUTPUT FILE NAME:   <ExternalFlash.out>
ENTRY POINT SYMBOL: "_c_int00_noargs"  address: 00000c91


MEMORY CONFIGURATION

         name            origin    length      used     unused   attr    fill
----------------------  --------  ---------  --------  --------  ----  --------
  FLASH                 00000000   00040000  00000f46  0003f0ba  R  X
  SRAM                  20000000   00008000  00000208  00007df8  RW X


SEGMENT ALLOCATION MAP

run origin  load origin   length   init length attrs members
----------  ----------- ---------- ----------- ----- -------
00000000    00000000    00000f48   00000f48    r-x
  00000000    00000000    0000026c   0000026c    r-- .intvecs
  0000026c    0000026c    00000b4e   00000b4e    r-x .text
  00000dbc    00000dbc    00000174   00000174    r-- .const
  00000f30    00000f30    00000018   00000018    r-- .cinit
20000000    20000000    00000208   00000000    rw-
  20000000    20000000    00000200   00000000    rw- .stack
  20000200    20000200    00000008   00000000    rw- .data


SECTION ALLOCATION MAP

 output                                  attributes/
section   page    origin      length       input sections
--------  ----  ----------  ----------   ----------------
.intvecs   0    00000000    0000026c     
                  00000000    0000026c     tm4c123gh6pm_startup_ccs.obj (.intvecs)

.text      0    0000026c    00000b4e     
                  0000026c    000002d0     adesto.obj (.text)
                  0000053c    00000132     driverlib.lib : gpio.obj (.text:GPIOPadConfigSet)
                  0000066e    00000002     --HOLE-- [fill = 0]
                  00000670    0000011c     at_spi.obj (.text)
                  0000078c    00000110     driverlib.lib : sysctl.obj (.text:SysCtlClockGet)
                  0000089c    000000f4                   : sysctl.obj (.text:SysCtlClockSet)
                  00000990    0000009c     rtsv7M4_T_le_v4SPD16_eabi.lib : memcpy_t2.asm.obj (.text)
                  00000a2c    00000068     driverlib.lib : interrupt.obj (.text:IntEnable)
                  00000a94    00000068     rtsv7M4_T_le_v4SPD16_eabi.lib : copy_decompress_lzss.c.obj (.text:decompress:lzss:__TI_decompress_lzss)
                  00000afc    00000060     main.obj (.text)
                  00000b5c    00000048     driverlib.lib : gpio.obj (.text:GPIOPinConfigure)
                  00000ba4    00000044     rtsv7M4_T_le_v4SPD16_eabi.lib : autoinit.c.obj (.text:__TI_auto_init_nobinit_nopinit:__TI_auto_init_nobinit_nopinit)
                  00000be8    0000003c     driverlib.lib : ssi.obj (.text:SSIConfigSetExpClk)
                  00000c24    00000038                   : sysctl.obj (.text:SysCtlPeripheralReady)
                  00000c5c    00000034                   : sysctl.obj (.text:SysCtlPeripheralEnable)
                  00000c90    00000034     rtsv7M4_T_le_v4SPD16_eabi.lib : boot_cortex_m.c.obj (.text:_c_int00_noargs:_c_int00_noargs)
                  00000cc4    0000002a     driverlib.lib : gpio.obj (.text:GPIODirModeSet)
                  00000cee    00000018                   : gpio.obj (.text:GPIOPinTypeGPIOOutput)
                  00000d06    00000012                   : gpio.obj (.text:GPIOPinTypeSSI)
                  00000d18    00000012                   : gpio.obj (.text:GPIOPinTypeUART)
                  00000d2a    00000012                   : ssi.obj (.text:SSIDataGetNonBlocking)
                  00000d3c    00000010                   : interrupt.obj (.text:IntMasterEnable)
                  00000d4c    0000000e                   : ssi.obj (.text:SSIDataPutNonBlocking)
                  00000d5a    0000000e     rtsv7M4_T_le_v4SPD16_eabi.lib : copy_decompress_none.c.obj (.text:decompress:none:__TI_decompress_none)
                  00000d68    0000000c     driverlib.lib : cpu.obj (.text:CPUcpsie)
                  00000d74    0000000c     tm4c123gh6pm_startup_ccs.obj (.text)
                  00000d80    0000000a     driverlib.lib : ssi.obj (.text:SSIEnable)
                  00000d8a    0000000a                   : ssi.obj (.text:SSIIntDisable)
                  00000d94    00000008                   : ssi.obj (.text:SSIIntEnable)
                  00000d9c    00000006                   : gpio.obj (.text:GPIOPinWrite)
                  00000da2    00000006                   : sysctl.obj (.text:SysCtlDelay)
                  00000da8    00000006                   : uart.obj (.text:UARTClockSourceSet)
                  00000dae    00000004                   : ssi.obj (.text:SSIIntClear)
                  00000db2    00000004     rtsv7M4_T_le_v4SPD16_eabi.lib : pre_init.c.obj (.text:_system_pre_init)
                  00000db6    00000004                                   : exit.c.obj (.text:abort:abort)

.const     0    00000dbc    00000174     
                  00000dbc    00000090     driverlib.lib : gpio.obj (.const:g_pui32GPIOBaseAddrs)
                  00000e4c    00000070                   : interrupt.obj (.const)
                  00000ebc    0000006c                   : sysctl.obj (.const:g_pui32Xtals)
                  00000f28    00000008     main.obj (.const:.string:$P$T0$1)

.cinit     0    00000f30    00000018     
                  00000f30    00000008     (__TI_handler_table)
                  00000f38    00000007     (.cinit..data.load) [load image, compression = lzss]
                  00000f3f    00000001     --HOLE-- [fill = 0]
                  00000f40    00000008     (__TI_cinit_table)

.init_array 
*          0    00000000    00000000     UNINITIALIZED

.data      0    20000200    00000008     UNINITIALIZED
                  20000200    00000008     at_spi.obj (.data)

.stack     0    20000000    00000200     UNINITIALIZED
                  20000000    00000004     rtsv7M4_T_le_v4SPD16_eabi.lib : boot_cortex_m.c.obj (.stack)
                  20000004    000001fc     --HOLE--

MODULE SUMMARY

       Module                         code   ro data   rw data
       ------                         ----   -------   -------
    ./
       adesto.obj                     720    0         0      
       tm4c123gh6pm_startup_ccs.obj   12     620       0      
       at_spi.obj                     284    0         8      
       main.obj                       96     8         0      
    +--+------------------------------+------+---------+---------+
       Total:                         1112   628       8      
                                                              
    /Applications/ti/ccs901/ccs/tools/compiler/ti-cgt-arm_18.12.2.LTS/lib/rtsv7M4_T_le_v4SPD16_eabi.lib
       memcpy_t2.asm.obj              156    0         0      
       copy_decompress_lzss.c.obj     104    0         0      
       autoinit.c.obj                 68     0         0      
       boot_cortex_m.c.obj            52     0         0      
       copy_decompress_none.c.obj     14     0         0      
       exit.c.obj                     4      0         0      
       pre_init.c.obj                 4      0         0      
    +--+------------------------------+------+---------+---------+
       Total:                         402    0         0      
                                                              
    /Users/junaidkhan/ti/tivaware_c_series_2_1_4_178/driverlib/ccs/Debug/driverlib.lib
       sysctl.obj                     630    108       0      
       gpio.obj                       486    144       0      
       interrupt.obj                  120    112       0      
       ssi.obj                        124    0         0      
       cpu.obj                        12     0         0      
       uart.obj                       6      0         0      
    +--+------------------------------+------+---------+---------+
       Total:                         1378   364       0      
                                                              
       Stack:                         0      0         512    
       Linker Generated:              0      23        0      
    +--+------------------------------+------+---------+---------+
       Grand Total:                   2892   1015      520    


LINKER GENERATED COPY TABLES

__TI_cinit_table @ 00000f40 records: 1, size/record: 8, table size: 8
	.data: load addr=00000f38, load size=00000007 bytes, run addr=20000200, run size=00000008 bytes, compression=lzss


LINKER GENERATED HANDLER TABLE

__TI_handler_table @ 00000f30 records: 2, size/record: 4, table size: 8
	index: 0, handler: __TI_decompress_lzss
	index: 1, handler: __TI_decompress_none


GLOBAL SYMBOLS: SORTED ALPHABETICALLY BY Name 

address   name                          
-------   ----                          
00000db7  C$$EXIT                       
00000d69  CPUcpsie                      
0000029d  ChipSelect                    
0000036d  DeviceBusyDelay               
00000cc5  GPIODirModeSet                
0000053d  GPIOPadConfigSet              
00000b5d  GPIOPinConfigure              
00000cef  GPIOPinTypeGPIOOutput         
00000d07  GPIOPinTypeSSI                
00000d19  GPIOPinTypeUART               
00000d9d  GPIOPinWrite                  
00000a2d  IntEnable                     
00000d3d  IntMasterEnable               
20000204  InterruptWait                 
000002ef  PageWrite                     
000004c5  ReadFlash                     
000002b1  ReadId                        
00000d75  ResetISR                      
00000671  SPI_Init                      
0000074d  SSI0IntHandler                
00000be9  SSIConfigSetExpClk            
00000d2b  SSIDataGetNonBlocking         
00000d4d  SSIDataPutNonBlocking         
00000d81  SSIEnable                     
00000daf  SSIIntClear                   
00000d8b  SSIIntDisable                 
00000d95  SSIIntEnable                  
0000078d  SysCtlClockGet                
0000089d  SysCtlClockSet                
00000da3  SysCtlDelay                   
00000c5d  SysCtlPeripheralEnable        
00000c25  SysCtlPeripheralReady         
0000071b  TransferByte                  
00000da9  UARTClockSourceSet            
0000026d  UART_Init                     
0000038f  WriteToFlash                  
20000200  __STACK_END                   
00000200  __STACK_SIZE                  
20000200  __STACK_TOP                   
00000f40  __TI_CINIT_Base               
00000f48  __TI_CINIT_Limit              
00000f30  __TI_Handler_Table_Base       
00000f38  __TI_Handler_Table_Limit      
00000ba5  __TI_auto_init_nobinit_nopinit
00000a95  __TI_decompress_lzss          
00000d5b  __TI_decompress_none          
ffffffff  __TI_pprof_out_hndl           
ffffffff  __TI_prof_data_size           
ffffffff  __TI_prof_data_start          
00000000  __TI_static_base__            
00000991  __aeabi_memcpy                
00000991  __aeabi_memcpy4               
00000991  __aeabi_memcpy8               
ffffffff  __binit__                     
ffffffff  __c_args__                    
UNDEFED   __mpu_init                    
20000000  __stack                       
00000c91  _c_int00_noargs               
UNDEFED   _system_post_cinit            
00000db3  _system_pre_init              
00000db7  abort                         
ffffffff  binit                         
00000000  g_pfnVectors                  
00000afd  main                          
00000991  memcpy                        
20000200  pui32DataRx                   


GLOBAL SYMBOLS: SORTED BY Symbol Address 

address   name                          
-------   ----                          
00000000  __TI_static_base__            
00000000  g_pfnVectors                  
00000200  __STACK_SIZE                  
0000026d  UART_Init                     
0000029d  ChipSelect                    
000002b1  ReadId                        
000002ef  PageWrite                     
0000036d  DeviceBusyDelay               
0000038f  WriteToFlash                  
000004c5  ReadFlash                     
0000053d  GPIOPadConfigSet              
00000671  SPI_Init                      
0000071b  TransferByte                  
0000074d  SSI0IntHandler                
0000078d  SysCtlClockGet                
0000089d  SysCtlClockSet                
00000991  __aeabi_memcpy                
00000991  __aeabi_memcpy4               
00000991  __aeabi_memcpy8               
00000991  memcpy                        
00000a2d  IntEnable                     
00000a95  __TI_decompress_lzss          
00000afd  main                          
00000b5d  GPIOPinConfigure              
00000ba5  __TI_auto_init_nobinit_nopinit
00000be9  SSIConfigSetExpClk            
00000c25  SysCtlPeripheralReady         
00000c5d  SysCtlPeripheralEnable        
00000c91  _c_int00_noargs               
00000cc5  GPIODirModeSet                
00000cef  GPIOPinTypeGPIOOutput         
00000d07  GPIOPinTypeSSI                
00000d19  GPIOPinTypeUART               
00000d2b  SSIDataGetNonBlocking         
00000d3d  IntMasterEnable               
00000d4d  SSIDataPutNonBlocking         
00000d5b  __TI_decompress_none          
00000d69  CPUcpsie                      
00000d75  ResetISR                      
00000d81  SSIEnable                     
00000d8b  SSIIntDisable                 
00000d95  SSIIntEnable                  
00000d9d  GPIOPinWrite                  
00000da3  SysCtlDelay                   
00000da9  UARTClockSourceSet            
00000daf  SSIIntClear                   
00000db3  _system_pre_init              
00000db7  C$$EXIT                       
00000db7  abort                         
00000f30  __TI_Handler_Table_Base       
00000f38  __TI_Handler_Table_Limit      
00000f40  __TI_CINIT_Base               
00000f48  __TI_CINIT_Limit              
20000000  __stack                       
20000200  __STACK_END                   
20000200  __STACK_TOP                   
20000200  pui32DataRx                   
20000204  InterruptWait                 
ffffffff  __TI_pprof_out_hndl           
ffffffff  __TI_prof_data_size           
ffffffff  __TI_prof_data_start          
ffffffff  __binit__                     
ffffffff  __c_args__                    
ffffffff  binit                         
UNDEFED   __mpu_init                    
UNDEFED   _system_post_cinit            

[66 symbols]
