******************************************************************************
                  TI ARM Linker Unix v18.12.2                  
******************************************************************************
>> Linked Mon Aug 19 16:38:57 2019

OUTPUT FILE NAME:   <ExternalFlash.out>
ENTRY POINT SYMBOL: "_c_int00_noinit_noargs"  address: 00000745


MEMORY CONFIGURATION

         name            origin    length      used     unused   attr    fill
----------------------  --------  ---------  --------  --------  ----  --------
  FLASH                 00000000   00040000  000008fc  0003f704  R  X
  SRAM                  20000000   00008000  00000200  00007e00  RW X


SEGMENT ALLOCATION MAP

run origin  load origin   length   init length attrs members
----------  ----------- ---------- ----------- ----- -------
00000000    00000000    000008fc   000008fc    r-x
  00000000    00000000    0000026c   0000026c    r-- .intvecs
  0000026c    0000026c    00000594   00000594    r-x .text
  00000800    00000800    000000fc   000000fc    r-- .const
20000000    20000000    00000200   00000000    rw-
  20000000    20000000    00000200   00000000    rw- .stack


SECTION ALLOCATION MAP

 output                                  attributes/
section   page    origin      length       input sections
--------  ----  ----------  ----------   ----------------
.intvecs   0    00000000    0000026c     
                  00000000    0000026c     tm4c123gh6pm_startup_ccs.obj (.intvecs)

.text      0    0000026c    00000594     
                  0000026c    00000132     driverlib.lib : gpio.obj (.text:GPIOPadConfigSet)
                  0000039e    00000002     --HOLE-- [fill = 0]
                  000003a0    00000110                   : sysctl.obj (.text:SysCtlClockGet)
                  000004b0    000000f4                   : sysctl.obj (.text:SysCtlClockSet)
                  000005a4    000000e8     main.obj (.text)
                  0000068c    00000048     driverlib.lib : gpio.obj (.text:GPIOPinConfigure)
                  000006d4    0000003c                   : ssi.obj (.text:SSIConfigSetExpClk)
                  00000710    00000034                   : sysctl.obj (.text:SysCtlPeripheralEnable)
                  00000744    0000002c     rtsv7M4_T_le_v4SPD16_eabi.lib : boot_cortex_m.c.obj (.text:_c_int00_noinit_noargs:_c_int00_noinit_noargs)
                  00000770    0000002a     driverlib.lib : gpio.obj (.text:GPIODirModeSet)
                  0000079a    00000012                   : gpio.obj (.text:GPIOPinTypeSSI)
                  000007ac    00000012                   : ssi.obj (.text:SSIDataGetNonBlocking)
                  000007be    0000000c                   : ssi.obj (.text:SSIDataGet)
                  000007ca    0000000c     tm4c123gh6pm_startup_ccs.obj (.text)
                  000007d6    0000000a     driverlib.lib : ssi.obj (.text:SSIDataPut)
                  000007e0    0000000a                   : ssi.obj (.text:SSIEnable)
                  000007ea    00000008                   : ssi.obj (.text:SSIBusy)
                  000007f2    00000006                   : sysctl.obj (.text:SysCtlDelay)
                  000007f8    00000004     rtsv7M4_T_le_v4SPD16_eabi.lib : pre_init.c.obj (.text:_system_pre_init)
                  000007fc    00000004                                   : exit.c.obj (.text:abort:abort)

.const     0    00000800    000000fc     
                  00000800    00000090     driverlib.lib : gpio.obj (.const:g_pui32GPIOBaseAddrs)
                  00000890    0000006c                   : sysctl.obj (.const:g_pui32Xtals)

.cinit     0    00000000    00000000     UNINITIALIZED

.init_array 
*          0    00000000    00000000     UNINITIALIZED

.stack     0    20000000    00000200     UNINITIALIZED
                  20000000    00000004     rtsv7M4_T_le_v4SPD16_eabi.lib : boot_cortex_m.c.obj (.stack)
                  20000004    000001fc     --HOLE--

MODULE SUMMARY

       Module                         code   ro data   rw data
       ------                         ----   -------   -------
    ./
       tm4c123gh6pm_startup_ccs.obj   12     620       0      
       main.obj                       232    0         0      
    +--+------------------------------+------+---------+---------+
       Total:                         244    620       0      
                                                              
    /Applications/ti/ccs901/ccs/tools/compiler/ti-cgt-arm_18.12.2.LTS/lib/rtsv7M4_T_le_v4SPD16_eabi.lib
       boot_cortex_m.c.obj            44     0         0      
       exit.c.obj                     4      0         0      
       pre_init.c.obj                 4      0         0      
    +--+------------------------------+------+---------+---------+
       Total:                         52     0         0      
                                                              
    /Users/junaidkhan/ti/tivaware_c_series_2_1_4_178/driverlib/ccs/Debug/driverlib.lib
       sysctl.obj                     574    108       0      
       gpio.obj                       438    144       0      
       ssi.obj                        118    0         0      
    +--+------------------------------+------+---------+---------+
       Total:                         1130   252       0      
                                                              
       Stack:                         0      0         512    
    +--+------------------------------+------+---------+---------+
       Grand Total:                   1426   872       512    


GLOBAL SYMBOLS: SORTED ALPHABETICALLY BY Name 

address   name                  
-------   ----                  
000007fd  C$$EXIT               
00000771  GPIODirModeSet        
0000026d  GPIOPadConfigSet      
0000068d  GPIOPinConfigure      
0000079b  GPIOPinTypeSSI        
000007cb  ResetISR              
000007eb  SSIBusy               
000006d5  SSIConfigSetExpClk    
000007bf  SSIDataGet            
000007ad  SSIDataGetNonBlocking 
000007d7  SSIDataPut            
000007e1  SSIEnable             
000003a1  SysCtlClockGet        
000004b1  SysCtlClockSet        
000007f3  SysCtlDelay           
00000711  SysCtlPeripheralEnable
20000200  __STACK_END           
00000200  __STACK_SIZE          
20000200  __STACK_TOP           
ffffffff  __TI_pprof_out_hndl   
ffffffff  __TI_prof_data_size   
ffffffff  __TI_prof_data_start  
00000000  __TI_static_base__    
ffffffff  __binit__             
ffffffff  __c_args__            
UNDEFED   __mpu_init            
20000000  __stack               
00000745  _c_int00_noinit_noargs
000007f9  _system_pre_init      
000007fd  abort                 
ffffffff  binit                 
00000000  g_pfnVectors          
000005a5  main                  


GLOBAL SYMBOLS: SORTED BY Symbol Address 

address   name                  
-------   ----                  
00000000  __TI_static_base__    
00000000  g_pfnVectors          
00000200  __STACK_SIZE          
0000026d  GPIOPadConfigSet      
000003a1  SysCtlClockGet        
000004b1  SysCtlClockSet        
000005a5  main                  
0000068d  GPIOPinConfigure      
000006d5  SSIConfigSetExpClk    
00000711  SysCtlPeripheralEnable
00000745  _c_int00_noinit_noargs
00000771  GPIODirModeSet        
0000079b  GPIOPinTypeSSI        
000007ad  SSIDataGetNonBlocking 
000007bf  SSIDataGet            
000007cb  ResetISR              
000007d7  SSIDataPut            
000007e1  SSIEnable             
000007eb  SSIBusy               
000007f3  SysCtlDelay           
000007f9  _system_pre_init      
000007fd  C$$EXIT               
000007fd  abort                 
20000000  __stack               
20000200  __STACK_END           
20000200  __STACK_TOP           
ffffffff  __TI_pprof_out_hndl   
ffffffff  __TI_prof_data_size   
ffffffff  __TI_prof_data_start  
ffffffff  __binit__             
ffffffff  __c_args__            
ffffffff  binit                 
UNDEFED   __mpu_init            

[33 symbols]
