******************************************************************************
                  TI ARM Linker Unix v18.12.2                  
******************************************************************************
>> Linked Thu Aug 22 19:16:22 2019

OUTPUT FILE NAME:   <ExternalFlash.out>
ENTRY POINT SYMBOL: "_c_int00_noargs"  address: 00001511


MEMORY CONFIGURATION

         name            origin    length      used     unused   attr    fill
----------------------  --------  ---------  --------  --------  ----  --------
  FLASH                 00000000   00040000  00001840  0003e7c0  R  X
  SRAM                  20000000   00008000  0000020d  00007df3  RW X


SEGMENT ALLOCATION MAP

run origin  load origin   length   init length attrs members
----------  ----------- ---------- ----------- ----- -------
00000000    00000000    00001840   00001840    r-x
  00000000    00000000    0000026c   0000026c    r-- .intvecs
  0000026c    0000026c    00001418   00001418    r-x .text
  00001684    00001684    000001a4   000001a4    r-- .const
  00001828    00001828    00000018   00000018    r-- .cinit
20000000    20000000    0000020d   00000000    rw-
  20000000    20000000    00000200   00000000    rw- .stack
  20000200    20000200    0000000d   00000000    rw- .data


SECTION ALLOCATION MAP

 output                                  attributes/
section   page    origin      length       input sections
--------  ----  ----------  ----------   ----------------
.intvecs   0    00000000    0000026c     
                  00000000    0000026c     tm4c123gh6pm_startup_ccs.obj (.intvecs)

.text      0    0000026c    00001418     
                  0000026c    000005ea     adesto.obj (.text)
                  00000856    00000002     rtsv7M4_T_le_v4SPD16_eabi.lib : div0.asm.obj (.text)
                  00000858    0000049c     uartstdio.obj (.text)
                  00000cf4    00000132     driverlib.lib : gpio.obj (.text:GPIOPadConfigSet)
                  00000e26    00000002     --HOLE-- [fill = 0]
                  00000e28    0000011c     at_spi.obj (.text)
                  00000f44    00000110     driverlib.lib : sysctl.obj (.text:SysCtlClockGet)
                  00001054    000000f4                   : sysctl.obj (.text:SysCtlClockSet)
                  00001148    0000009c     rtsv7M4_T_le_v4SPD16_eabi.lib : memcpy_t2.asm.obj (.text)
                  000011e4    00000068     driverlib.lib : interrupt.obj (.text:IntEnable)
                  0000124c    00000068     rtsv7M4_T_le_v4SPD16_eabi.lib : copy_decompress_lzss.c.obj (.text:decompress:lzss:__TI_decompress_lzss)
                  000012b4    00000068     main.obj (.text)
                  0000131c    00000048     driverlib.lib : gpio.obj (.text:GPIOPinConfigure)
                  00001364    00000046                   : uart.obj (.text:UARTConfigSetExpClk)
                  000013aa    00000002     --HOLE-- [fill = 0]
                  000013ac    00000044     rtsv7M4_T_le_v4SPD16_eabi.lib : autoinit.c.obj (.text:__TI_auto_init_nobinit_nopinit:__TI_auto_init_nobinit_nopinit)
                  000013f0    00000040                                   : u_divt2.asm.obj (.text)
                  00001430    0000003c     driverlib.lib : ssi.obj (.text:SSIConfigSetExpClk)
                  0000146c    00000038                   : sysctl.obj (.text:SysCtlPeripheralPresent)
                  000014a4    00000038                   : sysctl.obj (.text:SysCtlPeripheralReady)
                  000014dc    00000034                   : sysctl.obj (.text:SysCtlPeripheralEnable)
                  00001510    00000034     rtsv7M4_T_le_v4SPD16_eabi.lib : boot_cortex_m.c.obj (.text:_c_int00_noargs:_c_int00_noargs)
                  00001544    0000002a     driverlib.lib : gpio.obj (.text:GPIODirModeSet)
                  0000156e    00000002     --HOLE-- [fill = 0]
                  00001570    00000020                   : uart.obj (.text:UARTDisable)
                  00001590    00000018                   : gpio.obj (.text:GPIOPinTypeGPIOOutput)
                  000015a8    00000014                   : uart.obj (.text:UARTEnable)
                  000015bc    00000012                   : gpio.obj (.text:GPIOPinTypeSSI)
                  000015ce    00000012                   : gpio.obj (.text:GPIOPinTypeUART)
                  000015e0    00000012                   : ssi.obj (.text:SSIDataGetNonBlocking)
                  000015f2    00000010                   : interrupt.obj (.text:IntMasterEnable)
                  00001602    0000000e                   : ssi.obj (.text:SSIDataPutNonBlocking)
                  00001610    0000000e     rtsv7M4_T_le_v4SPD16_eabi.lib : copy_decompress_none.c.obj (.text:decompress:none:__TI_decompress_none)
                  0000161e    0000000c     driverlib.lib : cpu.obj (.text:CPUcpsie)
                  0000162a    0000000c     tm4c123gh6pm_startup_ccs.obj (.text)
                  00001636    0000000a     driverlib.lib : ssi.obj (.text:SSIEnable)
                  00001640    0000000a                   : ssi.obj (.text:SSIIntDisable)
                  0000164a    0000000a                   : uart.obj (.text:UARTCharGet)
                  00001654    0000000a                   : uart.obj (.text:UARTCharPut)
                  0000165e    00000008                   : ssi.obj (.text:SSIIntEnable)
                  00001666    00000006                   : gpio.obj (.text:GPIOPinWrite)
                  0000166c    00000006                   : sysctl.obj (.text:SysCtlDelay)
                  00001672    00000006                   : uart.obj (.text:UARTClockSourceSet)
                  00001678    00000004                   : ssi.obj (.text:SSIIntClear)
                  0000167c    00000004     rtsv7M4_T_le_v4SPD16_eabi.lib : pre_init.c.obj (.text:_system_pre_init)
                  00001680    00000004                                   : exit.c.obj (.text:abort:abort)

.const     0    00001684    000001a4     
                  00001684    00000090     driverlib.lib : gpio.obj (.const:g_pui32GPIOBaseAddrs)
                  00001714    00000070                   : interrupt.obj (.const)
                  00001784    0000006c                   : sysctl.obj (.const:g_pui32Xtals)
                  000017f0    00000012     uartstdio.obj (.const:.string)
                  00001802    00000002     --HOLE-- [fill = 0]
                  00001804    0000000c     uartstdio.obj (.const:g_ui32UARTBase)
                  00001810    0000000c     uartstdio.obj (.const:g_ui32UARTPeriph)
                  0000181c    00000008     main.obj (.const:.string:$P$T0$1)
                  00001824    00000004     uartstdio.obj (.const)

.cinit     0    00001828    00000018     
                  00001828    00000008     (__TI_handler_table)
                  00001830    00000007     (.cinit..data.load) [load image, compression = lzss]
                  00001837    00000001     --HOLE-- [fill = 0]
                  00001838    00000008     (__TI_cinit_table)

.init_array 
*          0    00000000    00000000     UNINITIALIZED

.data      0    20000200    0000000d     UNINITIALIZED
                  20000200    00000008     at_spi.obj (.data)
                  20000208    00000005     uartstdio.obj (.data)

.stack     0    20000000    00000200     UNINITIALIZED
                  20000000    00000004     rtsv7M4_T_le_v4SPD16_eabi.lib : boot_cortex_m.c.obj (.stack)
                  20000004    000001fc     --HOLE--

MODULE SUMMARY

       Module                         code   ro data   rw data
       ------                         ----   -------   -------
    ./
       adesto.obj                     1514   0         0      
       uartstdio.obj                  1180   46        5      
       tm4c123gh6pm_startup_ccs.obj   12     620       0      
       at_spi.obj                     284    0         8      
       main.obj                       104    8         0      
    +--+------------------------------+------+---------+---------+
       Total:                         3094   674       13     
                                                              
    /Applications/ti/ccs901/ccs/tools/compiler/ti-cgt-arm_18.12.2.LTS/lib/rtsv7M4_T_le_v4SPD16_eabi.lib
       memcpy_t2.asm.obj              156    0         0      
       copy_decompress_lzss.c.obj     104    0         0      
       autoinit.c.obj                 68     0         0      
       u_divt2.asm.obj                64     0         0      
       boot_cortex_m.c.obj            52     0         0      
       copy_decompress_none.c.obj     14     0         0      
       exit.c.obj                     4      0         0      
       pre_init.c.obj                 4      0         0      
       div0.asm.obj                   2      0         0      
    +--+------------------------------+------+---------+---------+
       Total:                         468    0         0      
                                                              
    /Users/junaidkhan/ti/tivaware_c_series_2_1_4_178/driverlib/ccs/Debug/driverlib.lib
       sysctl.obj                     686    108       0      
       gpio.obj                       486    144       0      
       interrupt.obj                  120    112       0      
       uart.obj                       148    0         0      
       ssi.obj                        124    0         0      
       cpu.obj                        12     0         0      
    +--+------------------------------+------+---------+---------+
       Total:                         1576   364       0      
                                                              
       Stack:                         0      0         512    
       Linker Generated:              0      23        0      
    +--+------------------------------+------+---------+---------+
       Grand Total:                   5138   1061      525    


LINKER GENERATED COPY TABLES

__TI_cinit_table @ 00001838 records: 1, size/record: 8, table size: 8
	.data: load addr=00001830, load size=00000007 bytes, run addr=20000200, run size=0000000d bytes, compression=lzss


LINKER GENERATED HANDLER TABLE

__TI_handler_table @ 00001828 records: 2, size/record: 4, table size: 8
	index: 0, handler: __TI_decompress_lzss
	index: 1, handler: __TI_decompress_none


GLOBAL SYMBOLS: SORTED ALPHABETICALLY BY Name 

address   name                          
-------   ----                          
00001681  C$$EXIT                       
0000161f  CPUcpsie                      
000002a9  ChipSelect                    
00000393  DeviceBusyDelay               
000006c9  EraseBlock                    
00000719  EraseChip                     
0000062d  EraseFlash                    
00001545  GPIODirModeSet                
00000cf5  GPIOPadConfigSet              
0000131d  GPIOPinConfigure              
00001591  GPIOPinTypeGPIOOutput         
000015bd  GPIOPinTypeSSI                
000015cf  GPIOPinTypeUART               
00001667  GPIOPinWrite                  
000011e5  IntEnable                     
000015f3  IntMasterEnable               
20000204  InterruptWait                 
00000315  PageWrite                     
000005cb  PrintPage                     
000004fd  ReadFlash                     
000002bd  ReadId                        
0000162b  ResetISR                      
00000e29  SPI_Init                      
00000f05  SSI0IntHandler                
00001431  SSIConfigSetExpClk            
000015e1  SSIDataGetNonBlocking         
00001603  SSIDataPutNonBlocking         
00001637  SSIEnable                     
00001679  SSIIntClear                   
00001641  SSIIntDisable                 
0000165f  SSIIntEnable                  
00000f45  SysCtlClockGet                
00001055  SysCtlClockSet                
0000166d  SysCtlDelay                   
000014dd  SysCtlPeripheralEnable        
0000146d  SysCtlPeripheralPresent       
000014a5  SysCtlPeripheralReady         
00000ed3  TransferByte                  
0000164b  UARTCharGet                   
00001655  UARTCharPut                   
00001673  UARTClockSourceSet            
00001365  UARTConfigSetExpClk           
00001571  UARTDisable                   
000015a9  UARTEnable                    
00000859  UARTStdioConfig               
0000026d  UART_Init                     
0000099f  UARTgetc                      
000008e5  UARTgets                      
00000cbf  UARTprintf                    
000009c5  UARTvprintf                   
0000089f  UARTwrite                     
000003b5  WriteToFlash                  
20000200  __STACK_END                   
00000200  __STACK_SIZE                  
20000200  __STACK_TOP                   
00001838  __TI_CINIT_Base               
00001840  __TI_CINIT_Limit              
00001828  __TI_Handler_Table_Base       
00001830  __TI_Handler_Table_Limit      
000013ad  __TI_auto_init_nobinit_nopinit
0000124d  __TI_decompress_lzss          
00001611  __TI_decompress_none          
ffffffff  __TI_pprof_out_hndl           
ffffffff  __TI_prof_data_size           
ffffffff  __TI_prof_data_start          
00000000  __TI_static_base__            
00000857  __aeabi_idiv0                 
00000857  __aeabi_ldiv0                 
00001149  __aeabi_memcpy                
00001149  __aeabi_memcpy4               
00001149  __aeabi_memcpy8               
000013f1  __aeabi_uidiv                 
000013f1  __aeabi_uidivmod              
ffffffff  __binit__                     
ffffffff  __c_args__                    
UNDEFED   __mpu_init                    
20000000  __stack                       
00001511  _c_int00_noargs               
UNDEFED   _system_post_cinit            
0000167d  _system_pre_init              
00001681  abort                         
ffffffff  binit                         
00000000  g_pfnVectors                  
000012b5  main                          
00001149  memcpy                        
20000200  pui32DataRx                   


GLOBAL SYMBOLS: SORTED BY Symbol Address 

address   name                          
-------   ----                          
00000000  __TI_static_base__            
00000000  g_pfnVectors                  
00000200  __STACK_SIZE                  
0000026d  UART_Init                     
000002a9  ChipSelect                    
000002bd  ReadId                        
00000315  PageWrite                     
00000393  DeviceBusyDelay               
000003b5  WriteToFlash                  
000004fd  ReadFlash                     
000005cb  PrintPage                     
0000062d  EraseFlash                    
000006c9  EraseBlock                    
00000719  EraseChip                     
00000857  __aeabi_idiv0                 
00000857  __aeabi_ldiv0                 
00000859  UARTStdioConfig               
0000089f  UARTwrite                     
000008e5  UARTgets                      
0000099f  UARTgetc                      
000009c5  UARTvprintf                   
00000cbf  UARTprintf                    
00000cf5  GPIOPadConfigSet              
00000e29  SPI_Init                      
00000ed3  TransferByte                  
00000f05  SSI0IntHandler                
00000f45  SysCtlClockGet                
00001055  SysCtlClockSet                
00001149  __aeabi_memcpy                
00001149  __aeabi_memcpy4               
00001149  __aeabi_memcpy8               
00001149  memcpy                        
000011e5  IntEnable                     
0000124d  __TI_decompress_lzss          
000012b5  main                          
0000131d  GPIOPinConfigure              
00001365  UARTConfigSetExpClk           
000013ad  __TI_auto_init_nobinit_nopinit
000013f1  __aeabi_uidiv                 
000013f1  __aeabi_uidivmod              
00001431  SSIConfigSetExpClk            
0000146d  SysCtlPeripheralPresent       
000014a5  SysCtlPeripheralReady         
000014dd  SysCtlPeripheralEnable        
00001511  _c_int00_noargs               
00001545  GPIODirModeSet                
00001571  UARTDisable                   
00001591  GPIOPinTypeGPIOOutput         
000015a9  UARTEnable                    
000015bd  GPIOPinTypeSSI                
000015cf  GPIOPinTypeUART               
000015e1  SSIDataGetNonBlocking         
000015f3  IntMasterEnable               
00001603  SSIDataPutNonBlocking         
00001611  __TI_decompress_none          
0000161f  CPUcpsie                      
0000162b  ResetISR                      
00001637  SSIEnable                     
00001641  SSIIntDisable                 
0000164b  UARTCharGet                   
00001655  UARTCharPut                   
0000165f  SSIIntEnable                  
00001667  GPIOPinWrite                  
0000166d  SysCtlDelay                   
00001673  UARTClockSourceSet            
00001679  SSIIntClear                   
0000167d  _system_pre_init              
00001681  C$$EXIT                       
00001681  abort                         
00001828  __TI_Handler_Table_Base       
00001830  __TI_Handler_Table_Limit      
00001838  __TI_CINIT_Base               
00001840  __TI_CINIT_Limit              
20000000  __stack                       
20000200  __STACK_END                   
20000200  __STACK_TOP                   
20000200  pui32DataRx                   
20000204  InterruptWait                 
ffffffff  __TI_pprof_out_hndl           
ffffffff  __TI_prof_data_size           
ffffffff  __TI_prof_data_start          
ffffffff  __binit__                     
ffffffff  __c_args__                    
ffffffff  binit                         
UNDEFED   __mpu_init                    
UNDEFED   _system_post_cinit            

[86 symbols]
