******************************************************************************
                  TI ARM Linker Unix v18.12.2                  
******************************************************************************
>> Linked Fri Aug 30 23:23:59 2019

OUTPUT FILE NAME:   <ExternalFlash.out>
ENTRY POINT SYMBOL: "_c_int00_noargs"  address: 000014f9


MEMORY CONFIGURATION

         name            origin    length      used     unused   attr    fill
----------------------  --------  ---------  --------  --------  ----  --------
  FLASH                 00000000   00040000  00001828  0003e7d8  R  X
  SRAM                  20000000   00008000  0000020d  00007df3  RW X


SEGMENT ALLOCATION MAP

run origin  load origin   length   init length attrs members
----------  ----------- ---------- ----------- ----- -------
00000000    00000000    00001828   00001828    r-x
  00000000    00000000    0000026c   0000026c    r-- .intvecs
  0000026c    0000026c    00001400   00001400    r-x .text
  0000166c    0000166c    000001a4   000001a4    r-- .const
  00001810    00001810    00000018   00000018    r-- .cinit
20000000    20000000    0000020d   00000000    rw-
  20000000    20000000    00000200   00000000    rw- .stack
  20000200    20000200    0000000d   00000000    rw- .data


SECTION ALLOCATION MAP

 output                                  attributes/
section   page    origin      length       input sections
--------  ----  ----------  ----------   ----------------
.intvecs   0    00000000    0000026c     
                  00000000    0000026c     tm4c123gh6pm_startup_ccs.obj (.intvecs)

.text      0    0000026c    00001400     
                  0000026c    000005d2     adesto.obj (.text)
                  0000083e    00000002     rtsv7M4_T_le_v4SPD16_eabi.lib : div0.asm.obj (.text)
                  00000840    0000049c     uartstdio.obj (.text)
                  00000cdc    00000132     driverlib.lib : gpio.obj (.text:GPIOPadConfigSet)
                  00000e0e    00000002     --HOLE-- [fill = 0]
                  00000e10    0000011c     at_spi.obj (.text)
                  00000f2c    00000110     driverlib.lib : sysctl.obj (.text:SysCtlClockGet)
                  0000103c    000000f4                   : sysctl.obj (.text:SysCtlClockSet)
                  00001130    0000009c     rtsv7M4_T_le_v4SPD16_eabi.lib : memcpy_t2.asm.obj (.text)
                  000011cc    00000068     driverlib.lib : interrupt.obj (.text:IntEnable)
                  00001234    00000068     rtsv7M4_T_le_v4SPD16_eabi.lib : copy_decompress_lzss.c.obj (.text:decompress:lzss:__TI_decompress_lzss)
                  0000129c    00000068     main.obj (.text)
                  00001304    00000048     driverlib.lib : gpio.obj (.text:GPIOPinConfigure)
                  0000134c    00000046                   : uart.obj (.text:UARTConfigSetExpClk)
                  00001392    00000002     --HOLE-- [fill = 0]
                  00001394    00000044     rtsv7M4_T_le_v4SPD16_eabi.lib : autoinit.c.obj (.text:__TI_auto_init_nobinit_nopinit:__TI_auto_init_nobinit_nopinit)
                  000013d8    00000040                                   : u_divt2.asm.obj (.text)
                  00001418    0000003c     driverlib.lib : ssi.obj (.text:SSIConfigSetExpClk)
                  00001454    00000038                   : sysctl.obj (.text:SysCtlPeripheralPresent)
                  0000148c    00000038                   : sysctl.obj (.text:SysCtlPeripheralReady)
                  000014c4    00000034                   : sysctl.obj (.text:SysCtlPeripheralEnable)
                  000014f8    00000034     rtsv7M4_T_le_v4SPD16_eabi.lib : boot_cortex_m.c.obj (.text:_c_int00_noargs:_c_int00_noargs)
                  0000152c    0000002a     driverlib.lib : gpio.obj (.text:GPIODirModeSet)
                  00001556    00000002     --HOLE-- [fill = 0]
                  00001558    00000020                   : uart.obj (.text:UARTDisable)
                  00001578    00000018                   : gpio.obj (.text:GPIOPinTypeGPIOOutput)
                  00001590    00000014                   : uart.obj (.text:UARTEnable)
                  000015a4    00000012                   : gpio.obj (.text:GPIOPinTypeSSI)
                  000015b6    00000012                   : gpio.obj (.text:GPIOPinTypeUART)
                  000015c8    00000012                   : ssi.obj (.text:SSIDataGetNonBlocking)
                  000015da    00000010                   : interrupt.obj (.text:IntMasterEnable)
                  000015ea    0000000e                   : ssi.obj (.text:SSIDataPutNonBlocking)
                  000015f8    0000000e     rtsv7M4_T_le_v4SPD16_eabi.lib : copy_decompress_none.c.obj (.text:decompress:none:__TI_decompress_none)
                  00001606    0000000c     driverlib.lib : cpu.obj (.text:CPUcpsie)
                  00001612    0000000c     tm4c123gh6pm_startup_ccs.obj (.text)
                  0000161e    0000000a     driverlib.lib : ssi.obj (.text:SSIEnable)
                  00001628    0000000a                   : ssi.obj (.text:SSIIntDisable)
                  00001632    0000000a                   : uart.obj (.text:UARTCharGet)
                  0000163c    0000000a                   : uart.obj (.text:UARTCharPut)
                  00001646    00000008                   : ssi.obj (.text:SSIIntEnable)
                  0000164e    00000006                   : gpio.obj (.text:GPIOPinWrite)
                  00001654    00000006                   : sysctl.obj (.text:SysCtlDelay)
                  0000165a    00000006                   : uart.obj (.text:UARTClockSourceSet)
                  00001660    00000004                   : ssi.obj (.text:SSIIntClear)
                  00001664    00000004     rtsv7M4_T_le_v4SPD16_eabi.lib : pre_init.c.obj (.text:_system_pre_init)
                  00001668    00000004                                   : exit.c.obj (.text:abort:abort)

.const     0    0000166c    000001a4     
                  0000166c    00000090     driverlib.lib : gpio.obj (.const:g_pui32GPIOBaseAddrs)
                  000016fc    00000070                   : interrupt.obj (.const)
                  0000176c    0000006c                   : sysctl.obj (.const:g_pui32Xtals)
                  000017d8    00000012     uartstdio.obj (.const:.string)
                  000017ea    00000002     --HOLE-- [fill = 0]
                  000017ec    0000000c     uartstdio.obj (.const:g_ui32UARTBase)
                  000017f8    0000000c     uartstdio.obj (.const:g_ui32UARTPeriph)
                  00001804    00000008     main.obj (.const:.string:$P$T0$1)
                  0000180c    00000004     uartstdio.obj (.const)

.cinit     0    00001810    00000018     
                  00001810    00000008     (__TI_handler_table)
                  00001818    00000007     (.cinit..data.load) [load image, compression = lzss]
                  0000181f    00000001     --HOLE-- [fill = 0]
                  00001820    00000008     (__TI_cinit_table)

.init_array 
*          0    00000000    00000000     UNINITIALIZED

.data      0    20000200    0000000d     UNINITIALIZED
                  20000200    00000008     at_spi.obj (.data)
                  20000208    00000005     uartstdio.obj (.data)

.stack     0    20000000    00000200     UNINITIALIZED
                  20000000    00000004     rtsv7M4_T_le_v4SPD16_eabi.lib : boot_cortex_m.c.obj (.stack)
                  20000004    000001fc     --HOLE--

MODULE SUMMARY

       Module                         code   ro data   rw data
       ------                         ----   -------   -------
    ./
       adesto.obj                     1490   0         0      
       uartstdio.obj                  1180   46        5      
       tm4c123gh6pm_startup_ccs.obj   12     620       0      
       at_spi.obj                     284    0         8      
       main.obj                       104    8         0      
    +--+------------------------------+------+---------+---------+
       Total:                         3070   674       13     
                                                              
    /Applications/ti/ccs901/ccs/tools/compiler/ti-cgt-arm_18.12.2.LTS/lib/rtsv7M4_T_le_v4SPD16_eabi.lib
       memcpy_t2.asm.obj              156    0         0      
       copy_decompress_lzss.c.obj     104    0         0      
       autoinit.c.obj                 68     0         0      
       u_divt2.asm.obj                64     0         0      
       boot_cortex_m.c.obj            52     0         0      
       copy_decompress_none.c.obj     14     0         0      
       exit.c.obj                     4      0         0      
       pre_init.c.obj                 4      0         0      
       div0.asm.obj                   2      0         0      
    +--+------------------------------+------+---------+---------+
       Total:                         468    0         0      
                                                              
    /Users/junaidkhan/ti/tivaware_c_series_2_1_4_178/driverlib/ccs/Debug/driverlib.lib
       sysctl.obj                     686    108       0      
       gpio.obj                       486    144       0      
       interrupt.obj                  120    112       0      
       uart.obj                       148    0         0      
       ssi.obj                        124    0         0      
       cpu.obj                        12     0         0      
    +--+------------------------------+------+---------+---------+
       Total:                         1576   364       0      
                                                              
       Stack:                         0      0         512    
       Linker Generated:              0      23        0      
    +--+------------------------------+------+---------+---------+
       Grand Total:                   5114   1061      525    


LINKER GENERATED COPY TABLES

__TI_cinit_table @ 00001820 records: 1, size/record: 8, table size: 8
	.data: load addr=00001818, load size=00000007 bytes, run addr=20000200, run size=0000000d bytes, compression=lzss


LINKER GENERATED HANDLER TABLE

__TI_handler_table @ 00001810 records: 2, size/record: 4, table size: 8
	index: 0, handler: __TI_decompress_lzss
	index: 1, handler: __TI_decompress_none


GLOBAL SYMBOLS: SORTED ALPHABETICALLY BY Name 

address   name                          
-------   ----                          
00001669  C$$EXIT                       
00001607  CPUcpsie                      
000002a9  ChipSelect                    
00000393  DeviceBusyDelay               
000006b3  EraseBlock                    
00000703  EraseChip                     
00000617  EraseFlash                    
0000152d  GPIODirModeSet                
00000cdd  GPIOPadConfigSet              
00001305  GPIOPinConfigure              
00001579  GPIOPinTypeGPIOOutput         
000015a5  GPIOPinTypeSSI                
000015b7  GPIOPinTypeUART               
0000164f  GPIOPinWrite                  
000011cd  IntEnable                     
000015db  IntMasterEnable               
20000204  InterruptWait                 
00000315  PageWrite                     
000005a7  PrintPage                     
000004fd  ReadFlash                     
000002bd  ReadId                        
00001613  ResetISR                      
00000e11  SPI_Init                      
00000eed  SSI0IntHandler                
00001419  SSIConfigSetExpClk            
000015c9  SSIDataGetNonBlocking         
000015eb  SSIDataPutNonBlocking         
0000161f  SSIEnable                     
00001661  SSIIntClear                   
00001629  SSIIntDisable                 
00001647  SSIIntEnable                  
00000f2d  SysCtlClockGet                
0000103d  SysCtlClockSet                
00001655  SysCtlDelay                   
000014c5  SysCtlPeripheralEnable        
00001455  SysCtlPeripheralPresent       
0000148d  SysCtlPeripheralReady         
00000ebb  TransferByte                  
00001633  UARTCharGet                   
0000163d  UARTCharPut                   
0000165b  UARTClockSourceSet            
0000134d  UARTConfigSetExpClk           
00001559  UARTDisable                   
00001591  UARTEnable                    
00000841  UARTStdioConfig               
0000026d  UART_Init                     
00000987  UARTgetc                      
000008cd  UARTgets                      
00000ca7  UARTprintf                    
000009ad  UARTvprintf                   
00000887  UARTwrite                     
000003b5  WriteToFlash                  
20000200  __STACK_END                   
00000200  __STACK_SIZE                  
20000200  __STACK_TOP                   
00001820  __TI_CINIT_Base               
00001828  __TI_CINIT_Limit              
00001810  __TI_Handler_Table_Base       
00001818  __TI_Handler_Table_Limit      
00001395  __TI_auto_init_nobinit_nopinit
00001235  __TI_decompress_lzss          
000015f9  __TI_decompress_none          
ffffffff  __TI_pprof_out_hndl           
ffffffff  __TI_prof_data_size           
ffffffff  __TI_prof_data_start          
00000000  __TI_static_base__            
0000083f  __aeabi_idiv0                 
0000083f  __aeabi_ldiv0                 
00001131  __aeabi_memcpy                
00001131  __aeabi_memcpy4               
00001131  __aeabi_memcpy8               
000013d9  __aeabi_uidiv                 
000013d9  __aeabi_uidivmod              
ffffffff  __binit__                     
ffffffff  __c_args__                    
UNDEFED   __mpu_init                    
20000000  __stack                       
000014f9  _c_int00_noargs               
UNDEFED   _system_post_cinit            
00001665  _system_pre_init              
00001669  abort                         
ffffffff  binit                         
00000000  g_pfnVectors                  
0000129d  main                          
00001131  memcpy                        
20000200  pui32DataRx                   


GLOBAL SYMBOLS: SORTED BY Symbol Address 

address   name                          
-------   ----                          
00000000  __TI_static_base__            
00000000  g_pfnVectors                  
00000200  __STACK_SIZE                  
0000026d  UART_Init                     
000002a9  ChipSelect                    
000002bd  ReadId                        
00000315  PageWrite                     
00000393  DeviceBusyDelay               
000003b5  WriteToFlash                  
000004fd  ReadFlash                     
000005a7  PrintPage                     
00000617  EraseFlash                    
000006b3  EraseBlock                    
00000703  EraseChip                     
0000083f  __aeabi_idiv0                 
0000083f  __aeabi_ldiv0                 
00000841  UARTStdioConfig               
00000887  UARTwrite                     
000008cd  UARTgets                      
00000987  UARTgetc                      
000009ad  UARTvprintf                   
00000ca7  UARTprintf                    
00000cdd  GPIOPadConfigSet              
00000e11  SPI_Init                      
00000ebb  TransferByte                  
00000eed  SSI0IntHandler                
00000f2d  SysCtlClockGet                
0000103d  SysCtlClockSet                
00001131  __aeabi_memcpy                
00001131  __aeabi_memcpy4               
00001131  __aeabi_memcpy8               
00001131  memcpy                        
000011cd  IntEnable                     
00001235  __TI_decompress_lzss          
0000129d  main                          
00001305  GPIOPinConfigure              
0000134d  UARTConfigSetExpClk           
00001395  __TI_auto_init_nobinit_nopinit
000013d9  __aeabi_uidiv                 
000013d9  __aeabi_uidivmod              
00001419  SSIConfigSetExpClk            
00001455  SysCtlPeripheralPresent       
0000148d  SysCtlPeripheralReady         
000014c5  SysCtlPeripheralEnable        
000014f9  _c_int00_noargs               
0000152d  GPIODirModeSet                
00001559  UARTDisable                   
00001579  GPIOPinTypeGPIOOutput         
00001591  UARTEnable                    
000015a5  GPIOPinTypeSSI                
000015b7  GPIOPinTypeUART               
000015c9  SSIDataGetNonBlocking         
000015db  IntMasterEnable               
000015eb  SSIDataPutNonBlocking         
000015f9  __TI_decompress_none          
00001607  CPUcpsie                      
00001613  ResetISR                      
0000161f  SSIEnable                     
00001629  SSIIntDisable                 
00001633  UARTCharGet                   
0000163d  UARTCharPut                   
00001647  SSIIntEnable                  
0000164f  GPIOPinWrite                  
00001655  SysCtlDelay                   
0000165b  UARTClockSourceSet            
00001661  SSIIntClear                   
00001665  _system_pre_init              
00001669  C$$EXIT                       
00001669  abort                         
00001810  __TI_Handler_Table_Base       
00001818  __TI_Handler_Table_Limit      
00001820  __TI_CINIT_Base               
00001828  __TI_CINIT_Limit              
20000000  __stack                       
20000200  __STACK_END                   
20000200  __STACK_TOP                   
20000200  pui32DataRx                   
20000204  InterruptWait                 
ffffffff  __TI_pprof_out_hndl           
ffffffff  __TI_prof_data_size           
ffffffff  __TI_prof_data_start          
ffffffff  __binit__                     
ffffffff  __c_args__                    
ffffffff  binit                         
UNDEFED   __mpu_init                    
UNDEFED   _system_post_cinit            

[86 symbols]
