******************************************************************************
                  TI ARM Linker Unix v18.12.2                  
******************************************************************************
>> Linked Thu Aug 22 02:40:12 2019

OUTPUT FILE NAME:   <ExternalFlash.out>
ENTRY POINT SYMBOL: "_c_int00_noargs"  address: 00001259


MEMORY CONFIGURATION

         name            origin    length      used     unused   attr    fill
----------------------  --------  ---------  --------  --------  ----  --------
  FLASH                 00000000   00040000  00001588  0003ea78  R  X
  SRAM                  20000000   00008000  0000020d  00007df3  RW X


SEGMENT ALLOCATION MAP

run origin  load origin   length   init length attrs members
----------  ----------- ---------- ----------- ----- -------
00000000    00000000    00001588   00001588    r-x
  00000000    00000000    0000026c   0000026c    r-- .intvecs
  0000026c    0000026c    00001160   00001160    r-x .text
  000013cc    000013cc    000001a4   000001a4    r-- .const
  00001570    00001570    00000018   00000018    r-- .cinit
20000000    20000000    0000020d   00000000    rw-
  20000000    20000000    00000200   00000000    rw- .stack
  20000200    20000200    0000000d   00000000    rw- .data


SECTION ALLOCATION MAP

 output                                  attributes/
section   page    origin      length       input sections
--------  ----  ----------  ----------   ----------------
.intvecs   0    00000000    0000026c     
                  00000000    0000026c     tm4c123gh6pm_startup_ccs.obj (.intvecs)

.text      0    0000026c    00001160     
                  0000026c    0000049c     uartstdio.obj (.text)
                  00000708    0000033c     adesto.obj (.text)
                  00000a44    00000132     driverlib.lib : gpio.obj (.text:GPIOPadConfigSet)
                  00000b76    00000002     rtsv7M4_T_le_v4SPD16_eabi.lib : div0.asm.obj (.text)
                  00000b78    0000011c     at_spi.obj (.text)
                  00000c94    00000110     driverlib.lib : sysctl.obj (.text:SysCtlClockGet)
                  00000da4    000000f4                   : sysctl.obj (.text:SysCtlClockSet)
                  00000e98    0000009c     rtsv7M4_T_le_v4SPD16_eabi.lib : memcpy_t2.asm.obj (.text)
                  00000f34    00000068     driverlib.lib : interrupt.obj (.text:IntEnable)
                  00000f9c    00000068     rtsv7M4_T_le_v4SPD16_eabi.lib : copy_decompress_lzss.c.obj (.text:decompress:lzss:__TI_decompress_lzss)
                  00001004    00000060     main.obj (.text)
                  00001064    00000048     driverlib.lib : gpio.obj (.text:GPIOPinConfigure)
                  000010ac    00000046                   : uart.obj (.text:UARTConfigSetExpClk)
                  000010f2    00000002     --HOLE-- [fill = 0]
                  000010f4    00000044     rtsv7M4_T_le_v4SPD16_eabi.lib : autoinit.c.obj (.text:__TI_auto_init_nobinit_nopinit:__TI_auto_init_nobinit_nopinit)
                  00001138    00000040                                   : u_divt2.asm.obj (.text)
                  00001178    0000003c     driverlib.lib : ssi.obj (.text:SSIConfigSetExpClk)
                  000011b4    00000038                   : sysctl.obj (.text:SysCtlPeripheralPresent)
                  000011ec    00000038                   : sysctl.obj (.text:SysCtlPeripheralReady)
                  00001224    00000034                   : sysctl.obj (.text:SysCtlPeripheralEnable)
                  00001258    00000034     rtsv7M4_T_le_v4SPD16_eabi.lib : boot_cortex_m.c.obj (.text:_c_int00_noargs:_c_int00_noargs)
                  0000128c    0000002a     driverlib.lib : gpio.obj (.text:GPIODirModeSet)
                  000012b6    00000002     --HOLE-- [fill = 0]
                  000012b8    00000020                   : uart.obj (.text:UARTDisable)
                  000012d8    00000018                   : gpio.obj (.text:GPIOPinTypeGPIOOutput)
                  000012f0    00000014                   : uart.obj (.text:UARTEnable)
                  00001304    00000012                   : gpio.obj (.text:GPIOPinTypeSSI)
                  00001316    00000012                   : gpio.obj (.text:GPIOPinTypeUART)
                  00001328    00000012                   : ssi.obj (.text:SSIDataGetNonBlocking)
                  0000133a    00000010                   : interrupt.obj (.text:IntMasterEnable)
                  0000134a    0000000e                   : ssi.obj (.text:SSIDataPutNonBlocking)
                  00001358    0000000e     rtsv7M4_T_le_v4SPD16_eabi.lib : copy_decompress_none.c.obj (.text:decompress:none:__TI_decompress_none)
                  00001366    0000000c     driverlib.lib : cpu.obj (.text:CPUcpsie)
                  00001372    0000000c     tm4c123gh6pm_startup_ccs.obj (.text)
                  0000137e    0000000a     driverlib.lib : ssi.obj (.text:SSIEnable)
                  00001388    0000000a                   : ssi.obj (.text:SSIIntDisable)
                  00001392    0000000a                   : uart.obj (.text:UARTCharGet)
                  0000139c    0000000a                   : uart.obj (.text:UARTCharPut)
                  000013a6    00000008                   : ssi.obj (.text:SSIIntEnable)
                  000013ae    00000006                   : gpio.obj (.text:GPIOPinWrite)
                  000013b4    00000006                   : sysctl.obj (.text:SysCtlDelay)
                  000013ba    00000006                   : uart.obj (.text:UARTClockSourceSet)
                  000013c0    00000004                   : ssi.obj (.text:SSIIntClear)
                  000013c4    00000004     rtsv7M4_T_le_v4SPD16_eabi.lib : pre_init.c.obj (.text:_system_pre_init)
                  000013c8    00000004                                   : exit.c.obj (.text:abort:abort)

.const     0    000013cc    000001a4     
                  000013cc    00000090     driverlib.lib : gpio.obj (.const:g_pui32GPIOBaseAddrs)
                  0000145c    00000070                   : interrupt.obj (.const)
                  000014cc    0000006c                   : sysctl.obj (.const:g_pui32Xtals)
                  00001538    00000012     uartstdio.obj (.const:.string)
                  0000154a    00000002     --HOLE-- [fill = 0]
                  0000154c    0000000c     uartstdio.obj (.const:g_ui32UARTBase)
                  00001558    0000000c     uartstdio.obj (.const:g_ui32UARTPeriph)
                  00001564    00000008     main.obj (.const:.string:$P$T0$1)
                  0000156c    00000004     uartstdio.obj (.const)

.cinit     0    00001570    00000018     
                  00001570    00000008     (__TI_handler_table)
                  00001578    00000007     (.cinit..data.load) [load image, compression = lzss]
                  0000157f    00000001     --HOLE-- [fill = 0]
                  00001580    00000008     (__TI_cinit_table)

.init_array 
*          0    00000000    00000000     UNINITIALIZED

.data      0    20000200    0000000d     UNINITIALIZED
                  20000200    00000008     at_spi.obj (.data)
                  20000208    00000005     uartstdio.obj (.data)

.stack     0    20000000    00000200     UNINITIALIZED
                  20000000    00000004     rtsv7M4_T_le_v4SPD16_eabi.lib : boot_cortex_m.c.obj (.stack)
                  20000004    000001fc     --HOLE--

MODULE SUMMARY

       Module                         code   ro data   rw data
       ------                         ----   -------   -------
    ./
       uartstdio.obj                  1180   46        5      
       adesto.obj                     828    0         0      
       tm4c123gh6pm_startup_ccs.obj   12     620       0      
       at_spi.obj                     284    0         8      
       main.obj                       96     8         0      
    +--+------------------------------+------+---------+---------+
       Total:                         2400   674       13     
                                                              
    /Applications/ti/ccs901/ccs/tools/compiler/ti-cgt-arm_18.12.2.LTS/lib/rtsv7M4_T_le_v4SPD16_eabi.lib
       memcpy_t2.asm.obj              156    0         0      
       copy_decompress_lzss.c.obj     104    0         0      
       autoinit.c.obj                 68     0         0      
       u_divt2.asm.obj                64     0         0      
       boot_cortex_m.c.obj            52     0         0      
       copy_decompress_none.c.obj     14     0         0      
       exit.c.obj                     4      0         0      
       pre_init.c.obj                 4      0         0      
       div0.asm.obj                   2      0         0      
    +--+------------------------------+------+---------+---------+
       Total:                         468    0         0      
                                                              
    /Users/junaidkhan/ti/tivaware_c_series_2_1_4_178/driverlib/ccs/Debug/driverlib.lib
       sysctl.obj                     686    108       0      
       gpio.obj                       486    144       0      
       interrupt.obj                  120    112       0      
       uart.obj                       148    0         0      
       ssi.obj                        124    0         0      
       cpu.obj                        12     0         0      
    +--+------------------------------+------+---------+---------+
       Total:                         1576   364       0      
                                                              
       Stack:                         0      0         512    
       Linker Generated:              0      23        0      
    +--+------------------------------+------+---------+---------+
       Grand Total:                   4444   1061      525    


LINKER GENERATED COPY TABLES

__TI_cinit_table @ 00001580 records: 1, size/record: 8, table size: 8
	.data: load addr=00001578, load size=00000007 bytes, run addr=20000200, run size=0000000d bytes, compression=lzss


LINKER GENERATED HANDLER TABLE

__TI_handler_table @ 00001570 records: 2, size/record: 4, table size: 8
	index: 0, handler: __TI_decompress_lzss
	index: 1, handler: __TI_decompress_none


GLOBAL SYMBOLS: SORTED ALPHABETICALLY BY Name 

address   name                          
-------   ----                          
000013c9  C$$EXIT                       
00001367  CPUcpsie                      
00000745  ChipSelect                    
0000082f  DeviceBusyDelay               
0000128d  GPIODirModeSet                
00000a45  GPIOPadConfigSet              
00001065  GPIOPinConfigure              
000012d9  GPIOPinTypeGPIOOutput         
00001305  GPIOPinTypeSSI                
00001317  GPIOPinTypeUART               
000013af  GPIOPinWrite                  
00000f35  IntEnable                     
0000133b  IntMasterEnable               
20000204  InterruptWait                 
000007b1  PageWrite                     
00000987  ReadFlash                     
00000759  ReadId                        
00001373  ResetISR                      
00000b79  SPI_Init                      
00000c55  SSI0IntHandler                
00001179  SSIConfigSetExpClk            
00001329  SSIDataGetNonBlocking         
0000134b  SSIDataPutNonBlocking         
0000137f  SSIEnable                     
000013c1  SSIIntClear                   
00001389  SSIIntDisable                 
000013a7  SSIIntEnable                  
00000c95  SysCtlClockGet                
00000da5  SysCtlClockSet                
000013b5  SysCtlDelay                   
00001225  SysCtlPeripheralEnable        
000011b5  SysCtlPeripheralPresent       
000011ed  SysCtlPeripheralReady         
00000c23  TransferByte                  
00001393  UARTCharGet                   
0000139d  UARTCharPut                   
000013bb  UARTClockSourceSet            
000010ad  UARTConfigSetExpClk           
000012b9  UARTDisable                   
000012f1  UARTEnable                    
0000026d  UARTStdioConfig               
00000709  UART_Init                     
000003b3  UARTgetc                      
000002f9  UARTgets                      
000006d3  UARTprintf                    
000003d9  UARTvprintf                   
000002b3  UARTwrite                     
00000851  WriteToFlash                  
20000200  __STACK_END                   
00000200  __STACK_SIZE                  
20000200  __STACK_TOP                   
00001580  __TI_CINIT_Base               
00001588  __TI_CINIT_Limit              
00001570  __TI_Handler_Table_Base       
00001578  __TI_Handler_Table_Limit      
000010f5  __TI_auto_init_nobinit_nopinit
00000f9d  __TI_decompress_lzss          
00001359  __TI_decompress_none          
ffffffff  __TI_pprof_out_hndl           
ffffffff  __TI_prof_data_size           
ffffffff  __TI_prof_data_start          
00000000  __TI_static_base__            
00000b77  __aeabi_idiv0                 
00000b77  __aeabi_ldiv0                 
00000e99  __aeabi_memcpy                
00000e99  __aeabi_memcpy4               
00000e99  __aeabi_memcpy8               
00001139  __aeabi_uidiv                 
00001139  __aeabi_uidivmod              
ffffffff  __binit__                     
ffffffff  __c_args__                    
UNDEFED   __mpu_init                    
20000000  __stack                       
00001259  _c_int00_noargs               
UNDEFED   _system_post_cinit            
000013c5  _system_pre_init              
000013c9  abort                         
ffffffff  binit                         
00000000  g_pfnVectors                  
00001005  main                          
00000e99  memcpy                        
20000200  pui32DataRx                   


GLOBAL SYMBOLS: SORTED BY Symbol Address 

address   name                          
-------   ----                          
00000000  __TI_static_base__            
00000000  g_pfnVectors                  
00000200  __STACK_SIZE                  
0000026d  UARTStdioConfig               
000002b3  UARTwrite                     
000002f9  UARTgets                      
000003b3  UARTgetc                      
000003d9  UARTvprintf                   
000006d3  UARTprintf                    
00000709  UART_Init                     
00000745  ChipSelect                    
00000759  ReadId                        
000007b1  PageWrite                     
0000082f  DeviceBusyDelay               
00000851  WriteToFlash                  
00000987  ReadFlash                     
00000a45  GPIOPadConfigSet              
00000b77  __aeabi_idiv0                 
00000b77  __aeabi_ldiv0                 
00000b79  SPI_Init                      
00000c23  TransferByte                  
00000c55  SSI0IntHandler                
00000c95  SysCtlClockGet                
00000da5  SysCtlClockSet                
00000e99  __aeabi_memcpy                
00000e99  __aeabi_memcpy4               
00000e99  __aeabi_memcpy8               
00000e99  memcpy                        
00000f35  IntEnable                     
00000f9d  __TI_decompress_lzss          
00001005  main                          
00001065  GPIOPinConfigure              
000010ad  UARTConfigSetExpClk           
000010f5  __TI_auto_init_nobinit_nopinit
00001139  __aeabi_uidiv                 
00001139  __aeabi_uidivmod              
00001179  SSIConfigSetExpClk            
000011b5  SysCtlPeripheralPresent       
000011ed  SysCtlPeripheralReady         
00001225  SysCtlPeripheralEnable        
00001259  _c_int00_noargs               
0000128d  GPIODirModeSet                
000012b9  UARTDisable                   
000012d9  GPIOPinTypeGPIOOutput         
000012f1  UARTEnable                    
00001305  GPIOPinTypeSSI                
00001317  GPIOPinTypeUART               
00001329  SSIDataGetNonBlocking         
0000133b  IntMasterEnable               
0000134b  SSIDataPutNonBlocking         
00001359  __TI_decompress_none          
00001367  CPUcpsie                      
00001373  ResetISR                      
0000137f  SSIEnable                     
00001389  SSIIntDisable                 
00001393  UARTCharGet                   
0000139d  UARTCharPut                   
000013a7  SSIIntEnable                  
000013af  GPIOPinWrite                  
000013b5  SysCtlDelay                   
000013bb  UARTClockSourceSet            
000013c1  SSIIntClear                   
000013c5  _system_pre_init              
000013c9  C$$EXIT                       
000013c9  abort                         
00001570  __TI_Handler_Table_Base       
00001578  __TI_Handler_Table_Limit      
00001580  __TI_CINIT_Base               
00001588  __TI_CINIT_Limit              
20000000  __stack                       
20000200  __STACK_END                   
20000200  __STACK_TOP                   
20000200  pui32DataRx                   
20000204  InterruptWait                 
ffffffff  __TI_pprof_out_hndl           
ffffffff  __TI_prof_data_size           
ffffffff  __TI_prof_data_start          
ffffffff  __binit__                     
ffffffff  __c_args__                    
ffffffff  binit                         
UNDEFED   __mpu_init                    
UNDEFED   _system_post_cinit            

[82 symbols]
